[    0.000000] Initializing cgroup subsys cpuset
[    0.000000] Initializing cgroup subsys cpu
[    0.000000] Initializing cgroup subsys cpuacct
[    0.000000] Linux version 4.4.0-78-generic (buildd@lgw01-11) (gcc version 5.4.0 20160609 (Ubuntu 5.4.0-6ubuntu1~16.04.4) ) #99-Ubuntu SMP Thu Apr 27 15:29:09 UTC 2017 (Ubuntu 4.4.0-78.99-generic 4.4.62)
[    0.000000] Command line: BOOT_IMAGE=/boot/vmlinuz-4.4.0-78-generic root=UUID=a960ac08-79a3-4768-a2c1-4e2188160776 ro console=tty1 console=ttyS0
[    0.000000] KERNEL supported cpus:
[    0.000000]   Intel GenuineIntel
[    0.000000]   AMD AuthenticAMD
[    0.000000]   Centaur CentaurHauls
[    0.000000] x86/fpu: Legacy x87 FPU detected.
[    0.000000] x86/fpu: Using 'lazy' FPU context switches.
[    0.000000] e820: BIOS-provided physical RAM map:
[    0.000000] BIOS-e820: [mem 0x0000000000000000-0x000000000009fbff] usable
[    0.000000] BIOS-e820: [mem 0x000000000009fc00-0x000000000009ffff] reserved
[    0.000000] BIOS-e820: [mem 0x00000000000f0000-0x00000000000fffff] reserved
[    0.000000] BIOS-e820: [mem 0x0000000000100000-0x000000003ffeffff] usable
[    0.000000] BIOS-e820: [mem 0x000000003fff0000-0x000000003fffffff] ACPI data
[    0.000000] BIOS-e820: [mem 0x00000000fec00000-0x00000000fec00fff] reserved
[    0.000000] BIOS-e820: [mem 0x00000000fee00000-0x00000000fee00fff] reserved
[    0.000000] BIOS-e820: [mem 0x00000000fffc0000-0x00000000ffffffff] reserved
[    0.000000] NX (Execute Disable) protection: active
[    0.000000] SMBIOS 2.5 present.
[    0.000000] Hypervisor detected: KVM
[    0.000000] e820: last_pfn = 0x3fff0 max_arch_pfn = 0x400000000
[    0.000000] MTRR: Disabled
[    0.000000] x86/PAT: MTRRs disabled, skipping PAT initialization too.
[    0.000000] x86/PAT: Configuration [0-7]: WB  WT  UC- UC  WB  WT  UC- UC  
[    0.000000] CPU MTRRs all blank - virtualized system.
[    0.000000] found SMP MP-table at [mem 0x0009fff0-0x0009ffff] mapped at [ffff88000009fff0]
[    0.000000] Scanning 1 areas for low memory corruption
[    0.000000] RAMDISK: [mem 0x36238000-0x37113fff]
[    0.000000] ACPI: Early table checksum verification disabled
[    0.000000] ACPI: RSDP 0x00000000000E0000 000024 (v02 VBOX  )
[    0.000000] ACPI: XSDT 0x000000003FFF0030 00003C (v01 VBOX   VBOXXSDT 00000001 ASL  00000061)
[    0.000000] ACPI: FACP 0x000000003FFF00F0 0000F4 (v04 VBOX   VBOXFACP 00000001 ASL  00000061)
[    0.000000] ACPI: DSDT 0x000000003FFF0470 0021C8 (v02 VBOX   VBOXBIOS 00000002 INTL 20100528)
[    0.000000] ACPI: FACS 0x000000003FFF0200 000040
[    0.000000] ACPI: FACS 0x000000003FFF0200 000040
[    0.000000] ACPI: APIC 0x000000003FFF0240 00005C (v02 VBOX   VBOXAPIC 00000001 ASL  00000061)
[    0.000000] ACPI: SSDT 0x000000003FFF02A0 0001CC (v01 VBOX   VBOXCPUT 00000002 INTL 20100528)
[    0.000000] No NUMA configuration found
[    0.000000] Faking a node at [mem 0x0000000000000000-0x000000003ffeffff]
[    0.000000] NODE_DATA(0) allocated [mem 0x3ffeb000-0x3ffeffff]
[    0.000000] kvm-clock: Using msrs 4b564d01 and 4b564d00
[    0.000000] kvm-clock: cpu 0, msr 0:3ffe3001, primary cpu clock
[    0.000000] kvm-clock: using sched offset of 5896476817 cycles
[    0.000000] clocksource: kvm-clock: mask: 0xffffffffffffffff max_cycles: 0x1cd42e4dffb, max_idle_ns: 881590591483 ns
[    0.000000] Zone ranges:
[    0.000000]   DMA      [mem 0x0000000000001000-0x0000000000ffffff]
[    0.000000]   DMA32    [mem 0x0000000001000000-0x000000003ffeffff]
[    0.000000]   Normal   empty
[    0.000000]   Device   empty
[    0.000000] Movable zone start for each node
[    0.000000] Early memory node ranges
[    0.000000]   node   0: [mem 0x0000000000001000-0x000000000009efff]
[    0.000000]   node   0: [mem 0x0000000000100000-0x000000003ffeffff]
[    0.000000] Initmem setup node 0 [mem 0x0000000000001000-0x000000003ffeffff]
[    0.000000] ACPI: PM-Timer IO Port: 0x4008
[    0.000000] IOAPIC[0]: apic_id 2, version 32, address 0xfec00000, GSI 0-23
[    0.000000] ACPI: INT_SRC_OVR (bus 0 bus_irq 0 global_irq 2 dfl dfl)
[    0.000000] ACPI: INT_SRC_OVR (bus 0 bus_irq 9 global_irq 9 high level)
[    0.000000] Using ACPI (MADT) for SMP configuration information
[    0.000000] smpboot: Allowing 2 CPUs, 0 hotplug CPUs
[    0.000000] PM: Registered nosave memory: [mem 0x00000000-0x00000fff]
[    0.000000] PM: Registered nosave memory: [mem 0x0009f000-0x0009ffff]
[    0.000000] PM: Registered nosave memory: [mem 0x000a0000-0x000effff]
[    0.000000] PM: Registered nosave memory: [mem 0x000f0000-0x000fffff]
[    0.000000] e820: [mem 0x40000000-0xfebfffff] available for PCI devices
[    0.000000] Booting paravirtualized kernel on KVM
[    0.000000] clocksource: refined-jiffies: mask: 0xffffffff max_cycles: 0xffffffff, max_idle_ns: 7645519600211568 ns
[    0.000000] setup_percpu: NR_CPUS:512 nr_cpumask_bits:512 nr_cpu_ids:2 nr_node_ids:1
[    0.000000] PERCPU: Embedded 33 pages/cpu @ffff88003fc00000 s98264 r8192 d28712 u1048576
[    0.000000] PV qspinlock hash table entries: 256 (order: 0, 4096 bytes)
[    0.000000] Built 1 zonelists in Node order, mobility grouping on.  Total pages: 257913
[    0.000000] Policy zone: DMA32
[    0.000000] Kernel command line: BOOT_IMAGE=/boot/vmlinuz-4.4.0-78-generic root=UUID=a960ac08-79a3-4768-a2c1-4e2188160776 ro console=tty1 console=ttyS0
[    0.000000] PID hash table entries: 4096 (order: 3, 32768 bytes)
[    0.000000] Memory: 997364K/1048120K available (8469K kernel code, 1294K rwdata, 3984K rodata, 1484K init, 1316K bss, 50756K reserved, 0K cma-reserved)
[    0.000000] SLUB: HWalign=64, Order=0-3, MinObjects=0, CPUs=2, Nodes=1
[    0.000000] Hierarchical RCU implementation.
[    0.000000] 	Build-time adjustment of leaf fanout to 64.
[    0.000000] 	RCU restricting CPUs from NR_CPUS=512 to nr_cpu_ids=2.
[    0.000000] RCU: Adjusting geometry for rcu_fanout_leaf=64, nr_cpu_ids=2
[    0.000000] NR_IRQS:33024 nr_irqs:440 16
[    0.000000] Console: colour VGA+ 80x25
[    0.000000] console [tty1] enabled
[    0.000000] console [ttyS0] enabled
[    0.000000] tsc: Detected 2389.242 MHz processor
[    2.050309] Calibrating delay loop (skipped) preset value.. 4778.48 BogoMIPS (lpj=9556968)
[    2.059010] pid_max: default: 32768 minimum: 301
[    2.062456] ACPI: Core revision 20150930
[    2.067333] ACPI: 2 ACPI AML tables successfully acquired and loaded
[    2.074390] Security Framework initialized
[    2.077577] Yama: becoming mindful.
[    2.080804] AppArmor: AppArmor initialized
[    2.085415] Dentry cache hash table entries: 131072 (order: 8, 1048576 bytes)
[    2.091261] Inode-cache hash table entries: 65536 (order: 7, 524288 bytes)
[    2.095745] Mount-cache hash table entries: 2048 (order: 2, 16384 bytes)
[    2.101474] Mountpoint-cache hash table entries: 2048 (order: 2, 16384 bytes)
[    2.110417] Initializing cgroup subsys io
[    2.117923] Initializing cgroup subsys memory
[    2.121083] Initializing cgroup subsys devices
[    2.126058] Initializing cgroup subsys freezer
[    2.129358] Initializing cgroup subsys net_cls
[    2.132848] Initializing cgroup subsys perf_event
[    2.138099] Initializing cgroup subsys net_prio
[    2.141515] Initializing cgroup subsys hugetlb
[    2.145640] Initializing cgroup subsys pids
[    2.149065] CPU: Physical Processor ID: 0
[    2.153738] CPU: Processor Core ID: 0
[    2.156981] mce: CPU supports 0 MCE banks
[    2.159150] Last level iTLB entries: 4KB 128, 2MB 4, 4MB 4
[    2.164761] Last level dTLB entries: 4KB 256, 2MB 0, 4MB 32, 1GB 0
[    2.174398] Freeing SMP alternatives memory: 32K (ffffffff820b8000 - ffffffff820c0000)
[    2.197578] ftrace: allocating 32120 entries in 126 pages
[    2.283912] smpboot: APIC(0) Converting physical 0 to logical package 0
[    2.292710] smpboot: Max logical packages: 1
[    2.299650] x2apic enabled
[    2.304088] Switched APIC routing to physical x2apic.
[    2.312490] ..TIMER: vector=0x30 apic1=0 pin1=2 apic2=-1 pin2=-1
[    2.426624] smpboot: CPU0: Intel(R) Core(TM)2 Duo CPU     P8600  @ 2.40GHz (family: 0x6, model: 0x17, stepping: 0xa)
[    2.438964] Performance Events: unsupported p6 CPU model 23 no PMU driver, software events only.
[    2.452912] KVM setup paravirtual spinlock
[    2.459133] x86: Booting SMP configuration:
[    2.465272] .... node  #0, CPUs:      #1
[    2.471435] kvm-clock: cpu 1, msr 0:3ffe3041, secondary cpu clock
[    2.473329] mce: CPU supports 0 MCE banks
[    2.515754] x86: Booted up 1 node, 2 CPUs
[    2.520753] smpboot: Total of 2 processors activated (9556.96 BogoMIPS)
[    2.525706] devtmpfs: initialized
[    2.531716] evm: security.selinux
[    2.540430] evm: security.SMACK64
[    2.544045] evm: security.SMACK64EXEC
[    2.547778] evm: security.SMACK64TRANSMUTE
[    2.550967] evm: security.SMACK64MMAP
[    2.556051] evm: security.ima
[    2.558884] evm: security.capability
[    2.562273] clocksource: jiffies: mask: 0xffffffff max_cycles: 0xffffffff, max_idle_ns: 7645041785100000 ns
[    2.568151] futex hash table entries: 512 (order: 3, 32768 bytes)
[    2.572266] pinctrl core: initialized pinctrl subsystem
[    2.576151] RTC time:  9:26:44, date: 05/20/17
[    2.582594] NET: Registered protocol family 16
[    2.597122] cpuidle: using governor ladder
[    2.612596] cpuidle: using governor menu
[    2.621270] PCCT header not found.
[    2.624416] ACPI: bus type PCI registered
[    2.628561] acpiphp: ACPI Hot Plug PCI Controller Driver version: 0.5
[    2.649877] PCI: Using configuration type 1 for base access
[    2.661942] ACPI: Added _OSI(Module Device)
[    2.665198] ACPI: Added _OSI(Processor Device)
[    2.668599] ACPI: Added _OSI(3.0 _SCP Extensions)
[    2.672220] ACPI: Added _OSI(Processor Aggregator Device)
[    2.677263] ACPI: Executed 1 blocks of module-level executable AML code
[    2.686015] ACPI: Interpreter enabled
[    2.689032] ACPI: (supports S0 S5)
[    2.692338] ACPI: Using IOAPIC for interrupt routing
[    2.697924] PCI: Using host bridge windows from ACPI; if necessary, use "pci=nocrs" and report a bug
[    2.711109] ACPI: PCI Root Bridge [PCI0] (domain 0000 [bus 00-ff])
[    2.821234] acpi PNP0A03:00: _OSC: OS supports [ASPM ClockPM Segments MSI]
[    2.962932] acpi PNP0A03:00: _OSC failed (AE_NOT_FOUND); disabling ASPM
[    2.968406] acpi PNP0A03:00: fail to add MMCONFIG information, can't access extended PCI configuration space under this bridge.
[    2.981835] PCI host bridge to bus 0000:00
[    2.985912] pci_bus 0000:00: root bus resource [io  0x0000-0x0cf7 window]
[    2.993654] pci_bus 0000:00: root bus resource [io  0x0d00-0xffff window]
[    3.006694] pci_bus 0000:00: root bus resource [mem 0x000a0000-0x000bffff window]
[    3.018591] pci_bus 0000:00: root bus resource [mem 0x40000000-0xffdfffff window]
[    3.024939] pci_bus 0000:00: root bus resource [bus 00-ff]
[    3.032925] pci 0000:00:01.1: legacy IDE quirk: reg 0x10: [io  0x01f0-0x01f7]
[    3.037168] pci 0000:00:01.1: legacy IDE quirk: reg 0x14: [io  0x03f6]
[    3.046526] pci 0000:00:01.1: legacy IDE quirk: reg 0x18: [io  0x0170-0x0177]
[    3.050924] pci 0000:00:01.1: legacy IDE quirk: reg 0x1c: [io  0x0376]
[    3.118351] pci 0000:00:07.0: quirk: [io  0x4000-0x403f] claimed by PIIX4 ACPI
[    3.217058] pci 0000:00:07.0: quirk: [io  0x4100-0x410f] claimed by PIIX4 SMB
[    3.262969] ACPI: PCI Interrupt Link [LNKA] (IRQs 5 9 10 *11)
[    3.276614] ACPI: PCI Interrupt Link [LNKB] (IRQs 5 9 10 *11)
[    3.286394] ACPI: PCI Interrupt Link [LNKC] (IRQs 5 9 *10 11)
[    3.295739] ACPI: PCI Interrupt Link [LNKD] (IRQs 5 *9 10 11)
[    3.307275] ACPI: Enabled 2 GPEs in block 00 to 07
[    3.314611] vgaarb: setting as boot device: PCI:0000:00:02.0
[    3.323780] vgaarb: device added: PCI:0000:00:02.0,decodes=io+mem,owns=io+mem,locks=none
[    3.357886] vgaarb: loaded
[    3.361936] vgaarb: bridge control possible 0000:00:02.0
[    3.367706] SCSI subsystem initialized
[    3.371426] ACPI: bus type USB registered
[    3.374713] usbcore: registered new interface driver usbfs
[    3.378459] usbcore: registered new interface driver hub
[    3.382443] usbcore: registered new device driver usb
[    3.389506] PCI: Using ACPI for IRQ routing
[    3.397748] NetLabel: Initializing
[    3.400845] NetLabel:  domain hash size = 128
[    3.405323] NetLabel:  protocols = UNLABELED CIPSOv4
[    3.408951] NetLabel:  unlabeled traffic allowed by default
[    3.413446] amd_nb: Cannot enumerate AMD northbridges
[    3.418371] clocksource: Switched to clocksource kvm-clock
[    3.459356] AppArmor: AppArmor Filesystem Enabled
[    3.467718] pnp: PnP ACPI init
[    3.471765] pnp: PnP ACPI: found 3 devices
[    3.494125] clocksource: acpi_pm: mask: 0xffffff max_cycles: 0xffffff, max_idle_ns: 2085701024 ns
[    3.499789] NET: Registered protocol family 2
[    3.508277] TCP established hash table entries: 8192 (order: 4, 65536 bytes)
[    3.513254] TCP bind hash table entries: 8192 (order: 5, 131072 bytes)
[    3.519174] TCP: Hash tables configured (established 8192 bind 8192)
[    3.527073] UDP hash table entries: 512 (order: 2, 16384 bytes)
[    3.535378] UDP-Lite hash table entries: 512 (order: 2, 16384 bytes)
[    3.540014] NET: Registered protocol family 1
[    3.544741] pci 0000:00:00.0: Limiting direct PCI/PCI transfers
[    3.550926] pci 0000:00:01.0: Activating ISA DMA hang workarounds
[    3.556917] Unpacking initramfs...
[    3.945831] Freeing initrd memory: 15216K (ffff880036238000 - ffff880037114000)
[    3.957956] platform rtc_cmos: registered platform RTC device (no PNP device found)
[    3.963121] Scanning for low memory corruption every 60 seconds
[    4.104621] audit: initializing netlink subsys (disabled)
[    4.118945] audit: type=2000 audit(1495272410.600:1): initialized
[    4.131928] Initialise system trusted keyring
[    4.143196] HugeTLB registered 2 MB page size, pre-allocated 0 pages
[    4.166094] zbud: loaded
[    4.174877] VFS: Disk quotas dquot_6.6.0
[    4.182622] VFS: Dquot-cache hash table entries: 512 (order 0, 4096 bytes)
[    4.191409] squashfs: version 4.0 (2009/01/31) Phillip Lougher
[    4.200159] fuse init (API version 7.23)
[    4.209805] Key type big_key registered
[    4.217058] Allocating IMA MOK and blacklist keyrings.
[    4.237297] Key type asymmetric registered
[    4.240618] Asymmetric key parser 'x509' registered
[    4.252950] Block layer SCSI generic (bsg) driver version 0.4 loaded (major 249)
[    4.263966] io scheduler noop registered
[    4.266035] io scheduler deadline registered (default)
[    4.268837] io scheduler cfq registered
[    4.272552] pci_hotplug: PCI Hot Plug PCI Core version: 0.5
[    4.280577] pciehp: PCI Express Hot Plug Controller Driver version: 0.4
[    4.291946] ACPI: AC Adapter [AC] (off-line)
[    4.303697] input: Power Button as /devices/LNXSYSTM:00/LNXPWRBN:00/input/input0
[    4.311717] ACPI: Power Button [PWRF]
[    4.319882] input: Sleep Button as /devices/LNXSYSTM:00/LNXSLPBN:00/input/input1
[    4.344612] ACPI: Sleep Button [SLPF]
[    4.352019] ACPI: Battery Slot [BAT0] (battery present)
[    4.363531] GHES: HEST is not enabled!
[    4.365842] Serial: 8250/16550 driver, 32 ports, IRQ sharing enabled
[    4.405461] 00:02: ttyS0 at I/O 0x3f8 (irq = 4, base_baud = 115200) is a 16550A
[    4.423487] Linux agpgart interface v0.103
[    4.436146] loop: module loaded
[    4.453450] scsi host0: ata_piix
[    4.456081] scsi host1: ata_piix
[    4.477908] ata1: PATA max UDMA/33 cmd 0x1f0 ctl 0x3f6 bmdma 0xd000 irq 14
[    4.480988] ata2: PATA max UDMA/33 cmd 0x170 ctl 0x376 bmdma 0xd008 irq 15
[    4.493352] libphy: Fixed MDIO Bus: probed
[    4.501649] tun: Universal TUN/TAP device driver, 1.6
[    4.512451] tun: (C) 1999-2004 Max Krasnyansky <maxk@qualcomm.com>
[    4.522245] PPP generic driver version 2.4.2
[    4.530316] ehci_hcd: USB 2.0 'Enhanced' Host Controller (EHCI) Driver
[    4.551211] ehci-pci: EHCI PCI platform driver
[    4.570291] ehci-platform: EHCI generic platform driver
[    4.575393] ohci_hcd: USB 1.1 'Open' Host Controller (OHCI) Driver
[    4.583086] ohci-pci: OHCI PCI platform driver
[    4.586744] ohci-platform: OHCI generic platform driver
[    4.592423] uhci_hcd: USB Universal Host Controller Interface driver
[    4.602916] i8042: PNP: PS/2 Controller [PNP0303:PS2K,PNP0f03:PS2M] at 0x60,0x64 irq 1,12
[    4.612215] serio: i8042 KBD port at 0x60,0x64 irq 1
[    4.621491] serio: i8042 AUX port at 0x60,0x64 irq 12
[    4.632594] mousedev: PS/2 mouse device common for all mice
[    4.637618] rtc_cmos rtc_cmos: rtc core: registered rtc_cmos as rtc0
[    4.643139] rtc_cmos rtc_cmos: alarms up to one day, 114 bytes nvram
[    4.646161] input: AT Translated Set 2 keyboard as /devices/platform/i8042/serio0/input/input2
[    4.653503] i2c /dev entries driver
[    4.660148] device-mapper: uevent: version 1.0.3
[    4.671409] device-mapper: ioctl: 4.34.0-ioctl (2015-10-28) initialised: dm-devel@redhat.com
[    4.683921] ledtrig-cpu: registered to indicate activity on CPUs
[    4.694472] NET: Registered protocol family 10
[    4.697411] NET: Registered protocol family 17
[    4.702785] Key type dns_resolver registered
[    4.705269] microcode: CPU0 sig=0x1067a, pf=0x40, revision=0x60b
[    4.719977] microcode: CPU1 sig=0x1067a, pf=0x40, revision=0x60b
[    4.722878] microcode: Microcode Update Driver: v2.01 <tigran@aivazian.fsnet.co.uk>, Peter Oruba
[    4.774310] registered taskstats version 1
[    5.011428] Loading compiled-in X.509 certificates
[    5.021679] clocksource: tsc: mask: 0xffffffffffffffff max_cycles: 0x2270849bd18, max_idle_ns: 440795218647 ns
[    5.056514] Loaded X.509 cert 'Build time autogenerated kernel key: 779fd75203f0d36b99b83c7328fac831ec7adf9e'
[    5.065781] zswap: loaded using pool lzo/zbud
[    5.083581] Key type trusted registered
[    5.179350] Key type encrypted registered
[    5.200541] AppArmor: AppArmor sha1 policy hashing enabled
[    5.204997] ima: No TPM chip found, activating TPM-bypass!
[    5.209820] evm: HMAC attrs: 0x1
[    5.216160]   Magic number: 1:823:424
[    5.221559] rtc_cmos rtc_cmos: setting system clock to 2017-05-20 09:26:47 UTC (1495272407)
[    5.229197] BIOS EDD facility v0.16 2004-Jun-25, 0 devices found
[    5.233775] EDD information not available.
[    5.251593] Freeing unused kernel memory: 1484K (ffffffff81f45000 - ffffffff820b8000)
[    5.282289] Write protecting the kernel read-only data: 14336k
[    5.349852] Freeing unused kernel memory: 1760K (ffff880001848000 - ffff880001a00000)
[    5.363233] Freeing unused kernel memory: 112K (ffff880001de4000 - ffff880001e00000)
Loading, please wait...
starting version 229
[    5.509969] random: systemd-udevd: uninitialized urandom read (16 bytes read, 3 bits of entropy available)
[    5.516944] random: udevadm: uninitialized urandom read (16 bytes read, 3 bits of entropy available)
[    5.517258] random: udevadm: uninitialized urandom read (16 bytes read, 3 bits of entropy available)
[    5.517720] random: udevadm: uninitialized urandom read (16 bytes read, 3 bits of entropy available)
[    5.517883] random: udevadm: uninitialized urandom read (16 bytes read, 3 bits of entropy available)
[    5.518050] random: udevadm: uninitialized urandom read (16 bytes read, 3 bits of entropy available)
[    5.518181] random: udevadm: uninitialized urandom read (16 bytes read, 3 bits of entropy available)
[    5.518326] random: udevadm: uninitialized urandom read (16 bytes read, 3 bits of entropy available)
[    5.518463] random: udevadm: uninitialized urandom read (16 bytes read, 3 bits of entropy available)
[    5.518576] random: udevadm: uninitialized urandom read (16 bytes read, 3 bits of entropy available)
[    5.696259] e1000: Intel(R) PRO/1000 Network Driver - version 7.3.21-k8-NAPI
[    5.702077] e1000: Copyright (c) 1999-2006 Intel Corporation.
[    5.755272] Fusion MPT base driver 3.04.20
[    5.813288] Copyright (c) 1999-2008 LSI Corporation
[    5.882622] Fusion MPT SPI Host driver 3.04.20
[    5.955647] input: ImExPS/2 Generic Explorer Mouse as /devices/platform/i8042/serio1/input/input4
[    6.326261] e1000 0000:00:03.0 eth0: (PCI:33MHz:32-bit) 02:34:2b:8a:66:27
[    6.331182] e1000 0000:00:03.0 eth0: Intel(R) PRO/1000 Network Connection
[    6.834916] e1000 0000:00:08.0 eth1: (PCI:33MHz:32-bit) 08:00:27:79:52:8d
[    7.010423] e1000 0000:00:08.0 eth1: Intel(R) PRO/1000 Network Connection
[    7.017674] e1000 0000:00:03.0 enp0s3: renamed from eth0
[    7.022241] mptbase: ioc0: Initiating bringup
[    7.034912] e1000 0000:00:08.0 enp0s8: renamed from eth1
[    7.096408] ioc0: LSI53C1030 A0: Capabilities={Initiator}
[    7.350990] scsi host2: ioc0: LSI53C1030 A0, FwRev=00000000h, Ports=1, MaxQ=256, IRQ=20
[    7.484171] scsi 2:0:0:0: Direct-Access     VBOX     HARDDISK         1.0  PQ: 0 ANSI: 5
[    7.659834] scsi target2:0:0: Beginning Domain Validation
[    7.669088] scsi target2:0:0: Domain Validation skipping write tests
[    7.673312] scsi target2:0:0: Ending Domain Validation
[    7.680789] scsi target2:0:0: asynchronous
[    7.686295] scsi 2:0:1:0: Direct-Access     VBOX     HARDDISK         1.0  PQ: 0 ANSI: 5
[    7.692036] scsi target2:0:1: Beginning Domain Validation
[    7.699070] scsi target2:0:1: Domain Validation skipping write tests
[    7.703332] scsi target2:0:1: Ending Domain Validation
[    7.707085] scsi target2:0:1: asynchronous
[    7.728023] sd 2:0:0:0: Attached scsi generic sg0 type 0
[    7.731383] sd 2:0:0:0: [sda] 20971520 512-byte logical blocks: (10.7 GB/10.0 GiB)
[    7.731907] sd 2:0:1:0: [sdb] 20480 512-byte logical blocks: (10.5 MB/10.0 MiB)
[    7.732131] sd 2:0:1:0: [sdb] Write Protect is off
[    7.732290] sd 2:0:1:0: [sdb] Incomplete mode parameter data
[    7.732292] sd 2:0:1:0: [sdb] Assuming drive cache: write through
[    7.735741] sd 2:0:1:0: Attached scsi generic sg1 type 0
[    7.739349] sd 2:0:1:0: [sdb] Attached SCSI disk
[    7.796933] sd 2:0:0:0: [sda] Write Protect is off
[    7.802070] sd 2:0:0:0: [sda] Incomplete mode parameter data
[    7.806072] sd 2:0:0:0: [sda] Assuming drive cache: write through
[    7.811704]  sda: sda1
[    7.820625] sd 2:0:0:0: [sda] Attached SCSI disk
[    8.886238] floppy0: no floppy controllers found
Begin: Loading essential drivers ... [   11.344699] md: linear personality registered for level -1
[   11.377368] md: multipath personality registered for level -4
[   11.406028] md: raid0 personality registered for level 0
[   11.441757] md: raid1 personality registered for level 1
[   11.542919] raid6: sse2x1   gen()  3716 MB/s
[   11.618378] raid6: sse2x1   xor()  3782 MB/s
[   11.686432] raid6: sse2x2   gen()  4277 MB/s
[   11.758388] raid6: sse2x2   xor()  4569 MB/s
[   11.826672] raid6: sse2x4   gen()  6880 MB/s
[   11.894378] raid6: sse2x4   xor()  5234 MB/s
[   11.896839] raid6: using algorithm sse2x4 gen() 6880 MB/s
[   11.901212] raid6: .... xor() 5234 MB/s, rmw enabled
[   11.907361] raid6: using ssse3x2 recovery algorithm
[   11.918798] xor: measuring software checksum speed
[   12.003513]    prefetch64-sse: 30439.000 MB/sec
[   12.073802]    generic_sse: 33255.000 MB/sec
[   12.085066] xor: using function: generic_sse (33255.000 MB/sec)
[   12.102014] async_tx: api initialized (async)
[   12.138593] md: raid6 personality registered for level 6
[   12.155040] md: raid5 personality registered for level 5
[   12.161004] md: raid4 personality registered for level 4
[   12.222528] md: raid10 personality registered for level 10
done.
Begin: Running /scripts/init-premount ... done.
Begin: Mounting root file system ... Begin: Running /scripts/local-top ... done.
Begin: Running /scripts/local-premount ... [   12.471595] Btrfs loaded
Scanning for Btrfs filesystems
done.
Warning: fsck not present, so skipping root file system
[   12.743945] EXT4-fs (sda1): INFO: recovery required on readonly filesystem
[   12.749925] EXT4-fs (sda1): write access will be enabled during recovery
[   12.866039] EXT4-fs (sda1): orphan cleanup on readonly fs
[   12.869961] EXT4-fs (sda1): 7 orphan inodes deleted
[   12.873947] EXT4-fs (sda1): recovery complete
[   12.877200] EXT4-fs (sda1): mounted filesystem with ordered data mode. Opts: (null)
done.
Begin: Running /scripts/local-bottom ... done.
Begin: Running /scripts/init-bottom ... done.
[   13.289810] systemd[1]: systemd 229 running in system mode. (+PAM +AUDIT +SELINUX +IMA +APPARMOR +SMACK +SYSVINIT +UTMP +LIBCRYPTSETUP +GCRYPT +GNUTLS +ACL +XZ -LZ4 +SECCOMP +BLKID +ELFUTILS +KMOD -IDN)
[   13.306718] systemd[1]: Detected virtualization oracle.
[   13.313146] systemd[1]: Detected architecture x86-64.

Welcome to [1mUbuntu 16.04.2 LTS[0m!

[   13.335611] systemd[1]: Set hostname to <ubuntu-xenial>.
[   13.732227] random: nonblocking pool is initialized
[   13.904149] systemd[1]: Listening on udev Kernel Socket.
[[0;32m  OK  [0m] Listening on udev Kernel Socket.
[   13.927755] systemd[1]: Started Forward Password Requests to Wall Directory Watch.
[[0;32m  OK  [0m] Started Forward Password Requests to Wall Directory Watch.
[   13.962754] systemd[1]: Reached target User and Group Name Lookups.
[[0;32m  OK  [0m] Reached target User and Group Name Lookups.
[   13.980754] systemd[1]: Created slice System Slice.
[[0;32m  OK  [0m] Created slice System Slice.
[   13.999474] systemd[1]: Listening on Syslog Socket.
[[0;32m  OK  [0m] Listening on Syslog Socket.
[   14.011897] systemd[1]: Set up automount Arbitrary Executable File Formats File System Automount Point.
[[0;32m  OK  [0m] Set up automount Arbitrary Executab...ats File System Automount Point.
[   14.035523] systemd[1]: Created slice system-serial\x2dgetty.slice.
[[0;32m  OK  [0m] Created slice system-serial\x2dgetty.slice.
[   14.056624] systemd[1]: Listening on udev Control Socket.
[[0;32m  OK  [0m] Listening on udev Control Socket.
[   14.070524] systemd[1]: Listening on Journal Socket.
[[0;32m  OK  [0m] Listening on Journal Socket.
[   14.099910] systemd[1]: Starting Remount Root and Kernel File Systems...
         Starting Remount Root and Kernel File Systems...
[   14.133490] systemd[1]: Starting Nameserver information manager...
         Starting Nameserver information manager...
[   14.155558] systemd[1]: Reached target Swap.
[[0;32m  OK  [0m] Reached target Swap.
[   14.170507] EXT4-fs (sda1): re-mounted. Opts: (null)
[   14.187028] systemd[1]: Mounting POSIX Message Queue File System...
         Mounting POSIX Message Queue File System...
[   14.239792] systemd[1]: Starting Uncomplicated firewall...
         Starting Uncomplicated firewall...
[   14.265442] systemd[1]: Starting Set console keymap...
         Starting Set console keymap...
[   14.281410] systemd[1]: Mounting Huge Pages File System...
         Mounting Huge Pages File System...
[   14.305847] systemd[1]: Starting Load Kernel Modules...
         Starting Load Kernel Modules...
[   14.316871] systemd[1]: Reached target Encrypted Volumes.
[[0;32m  OK  [0m] Reached target Encrypted Volumes.
[   14.332898] systemd[1]: Started Trigger resolvconf update for networkd DNS.
[[0;32m  OK  [0[   14.369283] Loading iSCSI transport class v2.0-870.
m] Started Trigger resolvconf update for networkd DNS.
[   14.469342] systemd[1]: Created slice User and Session Slice.
[[0;32m  OK  [0m] Created slice User and Session Slice.
[   14.479789] systemd[1]: Reached target Slices.
[[0;32m  OK  [0m] Reached target Slices.
[   14.496230] iscsi: registered transport (tcp)
[   14.507167] systemd[1]: Mounting Debug File System...
         Mounting Debug File System...
[   14.528217] systemd[1]: Listening on Journal Audit Socket.
[[0;32m  OK  [0m] Listening on Journal Audit Socket.
[   14.552383] systemd[1]: Listening on LVM2 metadata daemon socket.
[[0;32m  OK  [0m] Listening on LVM2 metadata daemon socket.
[   14.565602] systemd[1]: Listening on LVM2 poll daemon socket.
[[0;32m  OK  [0m] Listening on LVM2 poll daemon socket.
[   14.576011] systemd[1]: Listening on Device-mapper event daemon FIFOs.
[[0;32m  OK  [0m] Listening on Device-mapper event daemon FIFOs.
[   14.588317] iscsi: registered transport (iser)
[   14.655869] systemd[1]: Starting Monitoring of LVM2 mirrors, snapshots etc. using dmeventd or progress polling...
         Starting Monitoring of LVM2 mirrors... dmeventd or progress polling...
[   14.714119] systemd[1]: Starting Create list of required static device nodes for the current kernel...
         Starting Create list of required st... nodes for the current kernel...
[   14.747668] systemd[1]: Listening on Journal Socket (/dev/log).
[[0;32m  OK  [0m] Listening on Journal Socket (/dev/log).
[   14.795815] systemd[1]: Starting Journal Service...
         Starting Journal Service...
[   14.813533] systemd[1]: Listening on /dev/initctl Compatibility Named Pipe.
[[0;32m  OK  [0m] Listening on /dev/initctl Compatibility Named Pipe.
[   14.858601] systemd[1]: Mounted POSIX Message Queue File System.
[[0;32m  OK  [0m] Mounted POSIX Message Queue File System.
[   14.976111] systemd[1]: Mounted Huge Pages File System.
[[0;32m  OK  [0m] Mounted Huge Pages File System.
[   14.994077] systemd[1]: Mounted Debug File System.
[[0;32m  OK  [0m] Mounted Debug File System.
[   15.007497] systemd[1]: Started Journal Service.
[[0;32m  OK  [0m] Started Journal Service.
[[0;32m  OK  [0m] Started Remount Root and Kernel File Systems.
[[0;32m  OK  [0m] Started Uncomplicated firewall.
[[0;32m  OK  [0m] Started Set console keymap.
[[0;32m  OK  [0m] Started Load Kernel Modules.
[[0;32m  OK  [0m] Started Create list of required sta...ce nodes for the current kernel.
[[0;32m  OK  [0m] Started Nameserver information manager.
[[0;32m  OK  [0m] Started LVM2 metadata daemon.
         Starting Create Static Device Nodes in /dev...
         Mounting FUSE Control File System...
         Starting Apply Kernel Variables...
         Starting Load/Save Random Seed...
         Starting udev Coldplug all Devices...
         Starting Initial cloud-init job (pre-networking)...
         Starting Flush Journal to Persistent Storage...
[[0;32m  OK  [0m] Mounted FUSE Control File System.
[[0;32m  OK  [0m] Started Create Static Device Nodes in /dev.
[[0;32m  OK  [0m] Started Apply Kernel Variables.
[[0;32m  OK  [0m] Started Load/Save Random Seed.
         Starting udev Kernel Device Manager...
[[0;32m  OK  [0m] Started Flush Journal to Persistent Storage.
[[0;32m  OK  [0m] Started udev Kernel Device Manager.
[[0;32m  OK  [0m] Started udev Coldplug all Devices.
[[0;32m  OK  [0m] Started Dispatch Password Requests to Console Directory Watch.
[[0;32m  OK  [0m] Started Monitoring of LVM2 mirrors,...ng dmeventd or progress polling.
[[0;32m  OK  [0m] Reached target Local File Systems (Pre).
[[0;32m  OK  [0m] Reached target Local File Systems.
         Starting Tell Plymouth To Write Out Runtime Data...
         Starting LSB: AppArmor initialization...
         Starting Set console font and keymap...
         Starting Create Volatile Files and Directories...
[[0;32m  OK  [0m] Started Tell Plymouth To Write Out Runtime Data.
[[0;32m  OK  [0m] Started Create Volatile Files and Directories.
         Starting Update UTMP about System Boot/Shutdown...
[[0;32m  OK  [0m] Reached target System Time Synchronized.
[[0;32m  OK  [0m] Started Update UTMP about System Boot/Shutdown.
[[0;32m  OK  [0m] Found device /dev/ttyS0.
[[0;32m  OK  [0m] Started LSB: AppArmor initialization.
[[0;32m  OK  [0m] Started Set console font and keymap.
[[0;32m  OK  [0m] Created slice system-getty.slice.
[[0;32m  OK  [0m] Listening on Load/Save RF Kill Switch Status /dev/rfkill Watch.
[   18.784528] cloud-init[446]: Cloud-init v. 0.7.9 running 'init-local' at Sat, 20 May 2017 09:27:01 +0000. Up 16.45 seconds.
[[0;32m  OK  [0m] Found device 82540EM Gigabit Ethern...r (PRO/1000 MT Desktop Adapter).
[[0;32m  OK  [0m] Found device 82540EM Gigabit Ethern...r (PRO/1000 MT Desktop Adapter).
[[0;32m  OK  [0m] Started Initial cloud-init job (pre-networking).
[[0;32m  OK  [0m] Reached target Network (Pre).
[[0;32m  OK  [0m] Started ifup for enp0s8.
[[0;32m  OK  [0m] Started ifup for enp0s3.
         Starting Raise network interfaces...
[[0;32m  OK  [0m] Started Raise network interfaces.
         Starting Initial cloud-init job (metadata service crawler)...
[[0;32m  OK  [0m] Reached target Network.
[   24.967295] cloud-init[1045]: Cloud-init v. 0.7.9 running 'init' at Sat, 20 May 2017 09:27:08 +0000. Up 23.68 seconds.
[[0;32m  OK  [0m] Started Initial cloud-init job (metadata service crawler).
[   25.240805] cloud-init[1045]: ci-info: ++++++++++++++++++++++++++++++++++++++Net device info++++++++++++++++++++++++++++++++++++++
[   25.418766] cloud-init[1045]: ci-info: +--------+------+-----------------------------+---------------+-------+-------------------+
[[   25.441813] cloud-init[1045]: ci-info: | Device |  Up  |           Address           |      Mask     | Scope |     Hw-Address    |
[   25.445074] [0;32m  OK  [0mcloud-init] [1045]: Reached target System Initialization.ci-info: +--------+------+-----------------------------+---------------+-------+-------------------+

[   25.447204] cloud-init[1045]: ci-info: |   lo   | True |          127.0.0.1          |   255.0.0.0   |   .   |         .         |
[   25.543017] cloud-init[1045]: ci-info: |   lo   | True |           ::1/128           |       .       |  host |         .         |
[   25.556201] cloud-init[1045]: ci-info: | enp0s3 | True |          10.0.2.15          | 255.255.255.0 |   .   | 02:34:2b:8a:66:27 |
[   25.556820] cloud-init[1045]: ci-info: | enp0s3 | True |  fe80::34:2bff:fe8a:6627/64 |       .       |  link | 02:34:2b:8a:66:27 |
[   25.557999] cloud-init[1045]: ci-info: | enp0s8 | True |          10.0.1.10          | 255.255.255.0 |   .   | 08:00:27:79:52:8d |
[   25.563316] cloud-init[1045]: ci-info: | enp0s8 | True | fe80::a00:27ff:fe79:528d/64 |       .       |  link | 08:00:27:79:52:8d |
[[0;32m  OK  [0m] Started ACPI Events Check.
[[   25.563912] cloud-init[1045]: ci-info: +--------+------+-----------------------------+---------------+-------+-------------------+
[   25.618265] cloud-init[1045]: ci-info: +++++++++++++++++++++++++++Route IPv4 info++++++++++++++++++++++++++++
[0;32m  OK  [0m] Reached target Paths.
[   25.622517] cloud-init[1045]: ci-info: +-------+-------------+----------+---------------+-----------+-------+
[   25.936752] cloud-init[1045]: ci-info: | Route | Destination | Gateway  |    Genmask    | Interface | Flags |
[   25.953518] cloud-init[1045]: ci-info: +-------+-------------+----------+---------------+-----------+-------+
[   25.954506] cloud-init[1045]: ci-info: |   0   |   0.0.0.0   | 10.0.2.2 |    0.0.0.0    |   enp0s3  |   UG  |
[   25.954734] cloud-init[1045]: ci-info: |   1   |   10.0.1.0  | 0.0.0.0  | 255.255.255.0 |   enp0s8  |   U   |
[   25.954810] cloud-init[1045]: ci-info: |   2   |   10.0.2.0  | 0.0.0.0  | 255.255.255.0 |   enp0s3  |   U   |
[   25.955970] cloud-init[1045]: ci-info: +-------+-------------+----------+---------------+-----------+-------+
         Starting Socket activation for snappy daemon.
[[0;32m  OK  [0m] Started Daily Cleanup of Temporary Directories.
[[0;32m  OK  [0m] Started Daily apt activities.
[[0;32m  OK  [0m] Started Timer to automatically refresh installed snaps.
[[0;32m  OK  [0m] Reached target Timers.
[[0;32m  OK  [0m] Listening on UUID daemon activation socket.
         Starting LXD - unix socket.
[[0;32m  OK  [0m] Listening on D-Bus System Message Bus Socket.
[[0;32m  OK  [0m] Listening on ACPID Listen Socket.
[[0;32m  OK  [0m] Reached target Cloud-config availability.
[[0;32m  OK  [0m] Reached target Network is Online.
         Starting iSCSI initiator daemon (iscsid)...
[[0;32m  OK  [0m] Listening on Socket activation for snappy daemon.
[[0;32m  OK  [0m] Listening on LXD - unix socket.
[[0;32m  OK  [0m] Reached target Sockets.
[[0;32m  OK  [0m] Reached target Basic System.
[[0;32m  OK  [0m] Started Regular background program processing daemon.
         Starting Apply the settings specified in cloud-config...
[[0;32m  OK  [0m] Started D-Bus System Message Bus.
[[0;32m  OK  [0m] Started Deferred execution scheduler.
         Starting MariaDB database server...
         Starting Login Service...
         Starting LSB: MD monitoring daemon...
         Starting System Logging Service...
[[0;32m  OK  [0m] Started FUSE filesystem for LXC.
         Starting LSB: Record successful boot for GRUB...
         Starting The PHP 7.0 FastCGI Process Manager...
         Starting /etc/rc.local Compatibility...
[[0;32m  OK  [0m] Started Snappy daemon.
         Starting Accounts Service...
         Starting LXD - container startup/shutdown...
         Starting OpenBSD Secure Shell server...
[[0;32m  OK  [0m] Started Unattended Upgrades Shutdown.
         Starting Auto import assertions from block devices...
[[0;32m  OK  [0m] Started ACPI event daemon.
[[0;32m  OK  [0m] Started System Logging Service.
[[0;32m  OK  [0m] Started iSCSI initiator daemon (iscsid).
[[0;32m  OK  [0m] Started /etc/rc.local Compatibility.
         Starting Login to default iSCSI targets...
[[0;32m  OK  [0m] Started Login Service.
[[0;32m  OK  [0m] Started OpenBSD Secure Shell server.
[[0;32m  OK  [0m] Started Auto import assertions from block devices.
[[0;32m  OK  [0m] Started LSB: Record successful boot for GRUB.
[[0;32m  OK  [0m] Started Login to default iSCSI targets.
[[0;32m  OK  [0m] Reached target Remote File Systems (Pre).
[[0;32m  OK  [0m] Reached target Remote File Systems.
         Starting LSB: automatic crash report generation...
         Starting LSB: daemon to balance interrupts for SMP systems...
         Starting LSB: Set the CPU Frequency Scaling governor to "ondemand"...
         Starting LSB: VirtualBox Linux Additions...
         Starting LSB: Apache2 web server...
         Starting Permit User Sessions...
[[0;32m  OK  [0m] Started LXD - container startup/shutdown.
[[0;32m  OK  [0m] Started Permit User Sessions.
         Starting Hold until boot process finishes up...
         Starting Terminate Plymouth Boot Screen...
         Starting Authenticate and Authorize Users to Run Privileged Tasks...
[[0;32m  OK  [0m] Started Hold until boot process finishes up.
[[0;32m  OK  [0m] Started Terminate Plymouth Boot Screen.
[[0;32m  OK  [0m] Started LSB: MD monitoring daemon.
         Starting Set console scheme...
[[0;32m  OK  [0m] Started Serial Getty on ttyS0.
[[0;32m  OK  [0m] Started Getty on tty1.
[[0;32m  OK  [0m] Reached target Login Prompts.
[[0;32m  OK  [0m] Started Set console scheme.
[[0;32m  OK  [0m] Started LSB: daemon to balance interrupts for SMP systems.
[[0;32m  OK  [0m] Started LSB: automatic crash report generation.
[[0;32m  OK  [0m] Started Authenticate and Authorize Users to Run Privileged Tasks.
[[0;32m  OK  [0m] Started Accounts Service.
[[0;32m  OK  [0m] Started LSB: Set the CPU Frequency Scaling governor to "ondemand".
[[0;32m  OK  [0m] Created slice User Slice of ubuntu.
         Starting User Manager for UID 1000...
[[0;32m  OK  [0m] Started Session 1 of user ubuntu.
[[0;32m  OK  [0m] Started User Manager for UID 1000.
[[0;32m  OK  [0m] Started LSB: VirtualBox Linux Additions.
[[0;32m  OK  [0m] Started The PHP 7.0 FastCGI Process Manager.
[   35.779253] cloud-init[1107]: Cloud-init v. 0.7.9 running 'modules:config' at Sat, 20 May 2017 09:27:19 +0000. Up 34.63 seconds.
[[0;32m  OK  [0m] Started Apply the settings specified in cloud-config.
[[0;32m  OK  [0m] Started LSB: Apache2 web server.

Ubuntu 16.04.2 LTS ubuntu-xenial ttyS0

ubuntu-xenial login: [   42.922535] cloud-init[1756]: Cloud-init v. 0.7.9 running 'modules:final' at Sat, 20 May 2017 09:27:27 +0000. Up 42.02 seconds.
[   42.923726] cloud-init[1756]: Cloud-init v. 0.7.9 finished at Sat, 20 May 2017 09:27:27 +0000. Datasource DataSourceNoCloud [seed=/dev/sdb][dsmode=net].  Up 42.89 seconds
